---
source: src/test.rs
expression: output
---
# Debug {#sec-functions-library-debug}
Markdown section heading


