---
source: src/test.rs
expression: output
---
### h1-heading

#### h2-heading

##### h3-heading

###### h4-heading

This should be h6

###### h5-heading

This should be h6 as well

###### h6-heading

This should be h6 as well

